// Jest Snapshot v1, https://goo.gl/fbAQLP

exports[`<SearchInput /> should correctly renders nested component 1`] = `
ShallowWrapper {
  "complexSelector": ComplexSelector {
    "buildPredicate": [Function],
    "childrenOfNode": [Function],
    "findWhereUnwrapped": [Function],
  },
  "length": 1,
  "node": <form>
    <input
      name="query"
      onChange={[Function]}
      type="text"
    />
    <Connect(SubmitButton)
      query={null}
    />
  </form>,
  "nodes": Array [
    <form>
      <input
        name="query"
        onChange={[Function]}
        type="text"
      />
      <Connect(SubmitButton)
        query={null}
      />
    </form>,
  ],
  "options": Object {},
  "renderer": ReactShallowRenderer {
    "_instance": ShallowComponentWrapper {
      "_calledComponentWillUnmount": false,
      "_compositeType": 0,
      "_context": Object {},
      "_currentElement": <SearchInput />,
      "_debugID": 1,
      "_hostContainerInfo": null,
      "_hostParent": null,
      "_instance": SearchInput {
        "_reactInternalInstance": [Circular],
        "context": Object {},
        "props": Object {},
        "refs": Object {},
        "state": Object {
          "query": null,
        },
        "updater": Object {
          "enqueueCallback": [Function],
          "enqueueCallbackInternal": [Function],
          "enqueueElementInternal": [Function],
          "enqueueForceUpdate": [Function],
          "enqueueReplaceState": [Function],
          "enqueueSetState": [Function],
          "isMounted": [Function],
          "validateCallback": [Function],
        },
      },
      "_mountOrder": 1,
      "_pendingCallbacks": null,
      "_pendingElement": null,
      "_pendingForceUpdate": false,
      "_pendingReplaceState": false,
      "_pendingStateQueue": null,
      "_renderedComponent": NoopInternalComponent {
        "_currentElement": <form>
          <input
            name="query"
            onChange={[Function]}
            type="text"
          />
          <Connect(SubmitButton)
            query={null}
          />
        </form>,
        "_debugID": 2,
        "_renderedOutput": <form>
          <input
            name="query"
            onChange={[Function]}
            type="text"
          />
          <Connect(SubmitButton)
            query={null}
          />
        </form>,
      },
      "_renderedNodeType": 0,
      "_rootNodeID": 0,
      "_topLevelWrapper": null,
      "_updateBatchNumber": null,
      "_warnedAboutRefsInRender": false,
    },
    "getRenderOutput": [Function],
    "render": [Function],
  },
  "root": [Circular],
  "unrendered": <SearchInput />,
}
`;
